{
  "version": "1.5.0",
  "plugins_used": [
    {
      "name": "ArtifactoryDetector"
    },
    {
      "name": "AWSKeyDetector"
    },
    {
      "name": "AzureStorageKeyDetector"
    },
    {
      "name": "Base64HighEntropyString",
      "limit": 4.5
    },
    {
      "name": "BasicAuthDetector"
    },
    {
      "name": "CloudantDetector"
    },
    {
      "name": "DiscordBotTokenDetector"
    },
    {
      "name": "GitHubTokenDetector"
    },
    {
      "name": "GitLabTokenDetector"
    },
    {
      "name": "HexHighEntropyString",
      "limit": 3.0
    },
    {
      "name": "IbmCloudIamDetector"
    },
    {
      "name": "IbmCosHmacDetector"
    },
    {
      "name": "IPPublicDetector"
    },
    {
      "name": "JwtTokenDetector"
    },
    {
      "name": "KeywordDetector",
      "keyword_exclude": ""
    },
    {
      "name": "MailchimpDetector"
    },
    {
      "name": "NpmDetector"
    },
    {
      "name": "OpenAIDetector"
    },
    {
      "name": "PrivateKeyDetector"
    },
    {
      "name": "PypiTokenDetector"
    },
    {
      "name": "SendGridDetector"
    },
    {
      "name": "SlackDetector"
    },
    {
      "name": "SoftlayerDetector"
    },
    {
      "name": "SquareOAuthDetector"
    },
    {
      "name": "StripeDetector"
    },
    {
      "name": "TelegramBotTokenDetector"
    },
    {
      "name": "TwilioKeyDetector"
    }
  ],
  "filters_used": [
    {
      "path": "detect_secrets.filters.allowlist.is_line_allowlisted"
    },
    {
      "path": "detect_secrets.filters.common.is_ignored_due_to_verification_policies",
      "min_level": 2
    },
    {
      "path": "detect_secrets.filters.heuristic.is_indirect_reference"
    },
    {
      "path": "detect_secrets.filters.heuristic.is_likely_id_string"
    },
    {
      "path": "detect_secrets.filters.heuristic.is_lock_file"
    },
    {
      "path": "detect_secrets.filters.heuristic.is_not_alphanumeric_string"
    },
    {
      "path": "detect_secrets.filters.heuristic.is_potential_uuid"
    },
    {
      "path": "detect_secrets.filters.heuristic.is_prefixed_with_dollar_sign"
    },
    {
      "path": "detect_secrets.filters.heuristic.is_sequential_string"
    },
    {
      "path": "detect_secrets.filters.heuristic.is_swagger_file"
    },
    {
      "path": "detect_secrets.filters.heuristic.is_templated_secret"
    }
  ],
  "results": {
    "notebooks/Figuregeneration.ipynb": [
      {
        "type": "Base64 High Entropy String",
        "filename": "notebooks/Figuregeneration.ipynb",
        "hashed_secret": "7e6268d3d8f12d6bc39017524362b10f9982f383",
        "is_verified": false,
        "line_number": 1128
      },
      {
        "type": "Base64 High Entropy String",
        "filename": "notebooks/Figuregeneration.ipynb",
        "hashed_secret": "d1a8bb8b7ae7bfdd73a0f546b1afe3cfd1e9340b",
        "is_verified": false,
        "line_number": 1150
      },
      {
        "type": "Base64 High Entropy String",
        "filename": "notebooks/Figuregeneration.ipynb",
        "hashed_secret": "cb1ee6b3888ca8392b82dbd253c38059710e4788",
        "is_verified": false,
        "line_number": 3411
      },
      {
        "type": "Base64 High Entropy String",
        "filename": "notebooks/Figuregeneration.ipynb",
        "hashed_secret": "d99739d209466c4df8af8a61d24c7653d37c7888",
        "is_verified": false,
        "line_number": 3456
      }
    ]
  },
  "generated_at": "2025-01-16T13:54:41Z"
}
